// Jest Snapshot v1, https://goo.gl/fbAQLP

exports[`reactivity/collections Snapshot complex nesting map / set / object modify deep object 1`] = `
Object {
  "map": Map {
    "set1" => Set {
      Object {
        "a": 2,
      },
      Object {
        "b": 2,
      },
    },
    "set2" => Set {
      Object {
        "c": 3,
      },
    },
  },
}
`;
